2025-11-19 19:36:43.184 | INFO     | crslab.config.config:__init__:79 - [Dataset: ReDial tokenized in llava]
2025-11-19 19:36:43.184 | INFO     | crslab.config.config:__init__:81 - [Model: HollaRec]
2025-11-19 19:36:43.188 | INFO     | crslab.config.config:__init__:88 - [Config]
{
    "dataset": "ReDial",
    "tokenize": "llava",
    "mm_unified_dim": 4096,
    "ado_dim": 1024,
    "vdo_dim": 2048,
    "img_dim": 512,
    "txt_dim": 1024,
    "load_saved_embeddings": "embeddings",
    "related_truncate": 1024,
    "context_truncate": 256,
    "response_truncate": 30,
    "scale": 1,
    "model": "HollaRec",
    "load_mm_proj_weights": false,
    "mm_proj_weight_path": "D:\\.Workspace\\Topic202507Codes\\hollarec\\pretrain",
    "gpu": [
        -1
    ],
    "model_name": "HollaRec"
}
2025-11-19 19:36:43.198 | INFO     | crslab.data.dataset.redial.redial:__init__:44 - [dataset.redial] Resource for tokenizer 'llava' not found.
2025-11-19 19:36:43.199 | INFO     | crslab.data.dataset.redial.redial:__init__:50 - [dataset.redial] Dataset path set to D:\.Workspace\Topic202507Codes\hollarec\data\dataset\redial\llava.
2025-11-19 19:36:43.199 | INFO     | crslab.data.dataset.redial.redial:__init__:56 - [dataset.redial] Loading tokenizer from D:\.Workspace\Topic202507Codes\hollarec\data\dataset\redial\llava\tokenizer.
